MAX30100.c:46:8:MAX30100_begin	16	static
MAX30100.c:66:6:MAX30100_setMode	16	static
MAX30100.c:71:6:MAX30100_setLedsPulseWidth	24	static
MAX30100.c:77:6:MAX30100_setSamplingRate	24	static
MAX30100.c:83:6:MAX30100_setLedsCurrent	16	static
MAX30100.c:88:6:MAX30100_setHighresModeEnabled	24	static
MAX30100.c:98:6:MAX30100_update	8	static
MAX30100.c:103:8:MAX30100_getRawValues	24	static
MAX30100.c:118:6:MAX30100_resetFifo	8	static
MAX30100.c:125:9:readRegister	24	static
MAX30100.c:132:6:writeRegister	16	static
MAX30100.c:137:6:burstRead	24	static
MAX30100.c:142:6:readFifoData	88	static
MAX30100.c:165:6:MAX30100_startTemperatureSampling	16	static
MAX30100.c:173:8:MAX30100_isTemperatureReady	8	static
MAX30100.c:178:7:MAX30100_retrieveTemperature	24	static
MAX30100.c:186:6:MAX30100_shutdown	16	static
MAX30100.c:194:6:MAX30100_resume	16	static
MAX30100.c:202:9:MAX30100_getPartId	8	static
