stm32f1_ili9341.c:111:6:ILI9341_demo	24	static
stm32f1_ili9341.c:141:6:ILI9341_Init	16	static
stm32f1_ili9341.c:180:6:ILI9341_setConfig	8	static
stm32f1_ili9341.c:190:6:ILI9341_InitLCD	8	static
stm32f1_ili9341.c:348:6:ILI9341_DisplayOn	8	static
stm32f1_ili9341.c:357:6:ILI9341_DisplayOff	8	static
stm32f1_ili9341.c:366:6:ILI9341_SendCommand	16	static
stm32f1_ili9341.c:382:6:ILI9341_SendData	16	static
stm32f1_ili9341.c:390:6:ILI9341_ReadDatas	16	static
stm32f1_ili9341.c:406:6:ILI9341_DrawPixel	16	static
stm32f1_ili9341.c:414:10:ILI9341_ReadPixel	416	static
stm32f1_ili9341.c:430:6:ILI9341_SetCursorPosition	24	static
stm32f1_ili9341.c:449:6:ILI9341_Fill	24	static
stm32f1_ili9341.c:463:6:ILI9341_INT_Fill	40	static
stm32f1_ili9341.c:508:6:ILI9341_Delay	16	static
stm32f1_ili9341.c:517:6:ILI9341_Rotate	16	static
stm32f1_ili9341.c:557:6:ILI9341_Puts	40	static
stm32f1_ili9341.c:600:6:ILI9341_PutBigs	48	static
stm32f1_ili9341.c:643:6:ILI9341_GetStringSize	32	static
stm32f1_ili9341.c:662:6:ILI9341_Putc	64	static
stm32f1_ili9341.c:712:6:ILI9341_PutBigc	72	static
stm32f1_ili9341.c:774:6:ILI9341_DrawLine	64	static
stm32f1_ili9341.c:855:6:ILI9341_DrawRectangle	32	static
stm32f1_ili9341.c:871:6:ILI9341_DrawFilledRectangle	40	static
stm32f1_ili9341.c:901:6:ILI9341_DrawCircle	40	static
stm32f1_ili9341.c:943:6:ILI9341_DrawFilledCircle	48	static
stm32f1_ili9341.c:979:18:ILI9341_getOptions	16	static
stm32f1_ili9341.c:993:6:ILI9341_printf	304	static
stm32f1_ili9341.c:1024:6:ILI9341_putImage	32	static
stm32f1_ili9341.c:1062:6:ILI9341_putImage_monochrome	40	static
