ecran.c:18:8:isClickedOnRectangle	16	static
ecran.c:29:8:isClickedOnCircle	32	static
ecran.c:41:8:scanning_enable	40	static
ecran.c:76:6:Screen_init	8	static
ecran.c:91:6:printScreenCurrentStateInit	24	static
ecran.c:98:6:DrawCloseButton	32	static
ecran.c:110:6:DrawMenu	40	static
ecran.c:143:6:HideMenu	40	static
ecran.c:175:6:DrawHalfCircle	40	static
ecran.c:212:6:DrawSonar	64	static
ecran.c:277:6:HideSonar	64	static
ecran.c:309:6:DrawScanning	56	static
ecran.c:348:6:DrawStateChoixMenu	24	static
ecran.c:355:6:DrawStateScan	24	static
ecran.c:361:10:string_length	24	static
