ecran.c:18:8:isClickedOnRectangle	16	static
ecran.c:32:8:isClickedOnCircle	32	static
ecran.c:48:8:scanning_enable	40	static
ecran.c:90:6:addEntry	24	static
ecran.c:121:6:removeOldEntries	32	static
ecran.c:155:6:removeOldEntriesForced	24	static
ecran.c:169:6:Screen_init	8	static
ecran.c:185:6:printScreenCurrentStateInit	24	static
ecran.c:193:6:DrawCloseButton	32	static
ecran.c:206:6:DrawMenu	40	static
ecran.c:235:6:HideMenu	40	static
ecran.c:263:6:DrawHalfCircle	40	static
ecran.c:303:6:DrawSonar	64	static
ecran.c:375:6:HideSonar	64	static
ecran.c:416:6:DrawScanning	64	static
ecran.c:466:6:DrawTarget	48	static
ecran.c:495:6:PrintStateChoixMenu	24	static
ecran.c:503:6:PrintStateScan	24	static
ecran.c:511:6:PrintStatePause	24	static
ecran.c:519:6:PrintDistance	80	static
ecran.c:532:10:string_length	24	static
